// Jest Snapshot v1, https://goo.gl/fbAQLP

exports[`operations routes should return all the operations from getByID 1`] = `
Array [
  Array [
    "verb",
    "get",
  ],
  Array [
    "path",
    "/:id",
  ],
  Array [
    "blueprint",
    "
## GET /banana-coin/:id
+ Response 200 (application/json)
  {
    data: {
      type: 'coin',
      id: 13,
      attributes: {
        id: 13,
        name: 'coin',
        status: 'open',
        value: 1337
      }
    }
  }
",
  ],
]
`;
